In cycle 37: Write $0 Error
In cycle 41: Write $0 Error
In cycle 42: Write $0 Error
In cycle 43: Write $0 Error
In cycle 44: Write $0 Error
In cycle 48: Write $0 Error
In cycle 48: Number Overflow
In cycle 49: Write $0 Error
In cycle 49: Number Overflow
In cycle 50: Write $0 Error
In cycle 51: Write $0 Error
In cycle 52: Write $0 Error
In cycle 52: Number Overflow
In cycle 53: Write $0 Error
In cycle 54: Write $0 Error
In cycle 55: Write $0 Error
In cycle 56: Write $0 Error
In cycle 57: Write $0 Error
In cycle 58: Write $0 Error
In cycle 60: Write $0 Error
In cycle 61: Write $0 Error
In cycle 62: Write $0 Error
In cycle 63: Number Overflow
In cycle 64: Number Overflow
In cycle 68: Number Overflow
In cycle 69: Number Overflow
In cycle 81: Number Overflow
In cycle 84: Number Overflow
In cycle 127: Write $0 Error
In cycle 131: Write $0 Error
In cycle 132: Write $0 Error
In cycle 133: Write $0 Error
In cycle 134: Write $0 Error
In cycle 138: Write $0 Error
In cycle 138: Number Overflow
In cycle 139: Write $0 Error
In cycle 139: Number Overflow
In cycle 140: Write $0 Error
In cycle 141: Write $0 Error
In cycle 142: Write $0 Error
In cycle 142: Number Overflow
In cycle 143: Write $0 Error
In cycle 144: Write $0 Error
In cycle 145: Write $0 Error
In cycle 146: Write $0 Error
In cycle 147: Write $0 Error
In cycle 148: Write $0 Error
In cycle 150: Write $0 Error
In cycle 151: Write $0 Error
In cycle 152: Write $0 Error
In cycle 153: Number Overflow
In cycle 154: Number Overflow
In cycle 158: Number Overflow
In cycle 159: Number Overflow
In cycle 171: Number Overflow
In cycle 174: Number Overflow
In cycle 217: Write $0 Error
In cycle 221: Write $0 Error
In cycle 222: Write $0 Error
In cycle 223: Write $0 Error
In cycle 224: Write $0 Error
In cycle 228: Write $0 Error
In cycle 228: Number Overflow
In cycle 229: Write $0 Error
In cycle 229: Number Overflow
In cycle 230: Write $0 Error
In cycle 231: Write $0 Error
In cycle 232: Write $0 Error
In cycle 232: Number Overflow
In cycle 233: Write $0 Error
In cycle 234: Write $0 Error
In cycle 235: Write $0 Error
In cycle 236: Write $0 Error
In cycle 237: Write $0 Error
In cycle 238: Write $0 Error
In cycle 240: Write $0 Error
In cycle 241: Write $0 Error
In cycle 242: Write $0 Error
In cycle 243: Number Overflow
In cycle 244: Number Overflow
In cycle 248: Number Overflow
In cycle 249: Number Overflow
In cycle 261: Number Overflow
In cycle 264: Number Overflow
In cycle 280: Write $0 Error
In cycle 280: Address Overflow
In cycle 280: Misalignment Error
